Output -> /home/dpxuser/dev/patch_icl/results/2d/synth_benchmark/20260619_235300
Loading UniverSeg (size=128)...
Rendering qualitative panels (baseline=easy)...
[controlSynth] building 48 base geometries (morphology=blob, size=128)...
[controlSynth] done. task pools: {'train': 38, 'val': 5, 'test': 5}
[controlSynth] building 48 base geometries (morphology=elongated, size=128)...
[controlSynth] done. task pools: {'train': 38, 'val': 5, 'test': 5}
[controlSynth] building 48 base geometries (morphology=annular, size=128)...
[controlSynth] done. task pools: {'train': 38, 'val': 5, 'test': 5}
[controlSynth] building 48 base geometries (morphology=tubular, size=128)...
[controlSynth] done. task pools: {'train': 38, 'val': 5, 'test': 5}
[controlSynth] building 48 base geometries (morphology=scattered, size=128)...
[controlSynth] done. task pools: {'train': 38, 'val': 5, 'test': 5}
  morphology             -> /home/dpxuser/dev/patch_icl/results/2d/synth_benchmark/20260619_235300/panels/morphology.png
[controlSynth] building 48 base geometries (morphology=blob, size=128)...
[controlSynth] done. task pools: {'train': 38, 'val': 5, 'test': 5}
[controlSynth] building 48 base geometries (morphology=blob, size=128)...
[controlSynth] done. task pools: {'train': 38, 'val': 5, 'test': 5}
[controlSynth] building 48 base geometries (morphology=blob, size=128)...
[controlSynth] done. task pools: {'train': 38, 'val': 5, 'test': 5}
[controlSynth] building 48 base geometries (morphology=blob, size=128)...
[controlSynth] done. task pools: {'train': 38, 'val': 5, 'test': 5}
  region_size            -> /home/dpxuser/dev/patch_icl/results/2d/synth_benchmark/20260619_235300/panels/region_size.png
[controlSynth] building 48 base geometries (morphology=blob, size=128)...
[controlSynth] done. task pools: {'train': 38, 'val': 5, 'test': 5}
[controlSynth] building 48 base geometries (morphology=blob, size=128)...
[controlSynth] done. task pools: {'train': 38, 'val': 5, 'test': 5}
[controlSynth] building 48 base geometries (morphology=blob, size=128)...
[controlSynth] done. task pools: {'train': 38, 'val': 5, 'test': 5}
[controlSynth] building 48 base geometries (morphology=blob, size=128)...
[controlSynth] done. task pools: {'train': 38, 'val': 5, 'test': 5}
  boundary_complexity    -> /home/dpxuser/dev/patch_icl/results/2d/synth_benchmark/20260619_235300/panels/boundary_complexity.png
[controlSynth] building 48 base geometries (morphology=blob, size=128)...
[controlSynth] done. task pools: {'train': 38, 'val': 5, 'test': 5}
[controlSynth] building 48 base geometries (morphology=blob, size=128)...
[controlSynth] done. task pools: {'train': 38, 'val': 5, 'test': 5}
[controlSynth] building 48 base geometries (morphology=blob, size=128)...
[controlSynth] done. task pools: {'train': 38, 'val': 5, 'test': 5}
[controlSynth] building 48 base geometries (morphology=blob, size=128)...
[controlSynth] done. task pools: {'train': 38, 'val': 5, 'test': 5}
  task_ambiguity         -> /home/dpxuser/dev/patch_icl/results/2d/synth_benchmark/20260619_235300/panels/task_ambiguity.png
[controlSynth] building 48 base geometries (morphology=tubular, size=128)...
[controlSynth] done. task pools: {'train': 38, 'val': 5, 'test': 5}
[controlSynth] building 48 base geometries (morphology=tubular, size=128)...
[controlSynth] done. task pools: {'train': 38, 'val': 5, 'test': 5}
[controlSynth] building 48 base geometries (morphology=tubular, size=128)...
[controlSynth] done. task pools: {'train': 38, 'val': 5, 'test': 5}
[controlSynth] building 48 base geometries (morphology=tubular, size=128)...
[controlSynth] done. task pools: {'train': 38, 'val': 5, 'test': 5}
  thinness               -> /home/dpxuser/dev/patch_icl/results/2d/synth_benchmark/20260619_235300/panels/thinness.png
[controlSynth] building 48 base geometries (morphology=tubular, size=128)...
[controlSynth] done. task pools: {'train': 38, 'val': 5, 'test': 5}
[controlSynth] building 48 base geometries (morphology=tubular, size=128)...
[controlSynth] done. task pools: {'train': 38, 'val': 5, 'test': 5}
[controlSynth] building 48 base geometries (morphology=tubular, size=128)...
[controlSynth] done. task pools: {'train': 38, 'val': 5, 'test': 5}
[controlSynth] building 48 base geometries (morphology=tubular, size=128)...
[controlSynth] done. task pools: {'train': 38, 'val': 5, 'test': 5}
  tortuosity             -> /home/dpxuser/dev/patch_icl/results/2d/synth_benchmark/20260619_235300/panels/tortuosity.png
[controlSynth] building 48 base geometries (morphology=tubular, size=128)...
[controlSynth] done. task pools: {'train': 38, 'val': 5, 'test': 5}
[controlSynth] building 48 base geometries (morphology=tubular, size=128)...
[controlSynth] done. task pools: {'train': 38, 'val': 5, 'test': 5}
[controlSynth] building 48 base geometries (morphology=tubular, size=128)...
[controlSynth] done. task pools: {'train': 38, 'val': 5, 'test': 5}
[controlSynth] building 48 base geometries (morphology=tubular, size=128)...
[controlSynth] done. task pools: {'train': 38, 'val': 5, 'test': 5}
  branching_density      -> /home/dpxuser/dev/patch_icl/results/2d/synth_benchmark/20260619_235300/panels/branching_density.png
[controlSynth] building 48 base geometries (morphology=scattered, size=128)...
[controlSynth] done. task pools: {'train': 38, 'val': 5, 'test': 5}
[controlSynth] building 48 base geometries (morphology=scattered, size=128)...
[controlSynth] done. task pools: {'train': 38, 'val': 5, 'test': 5}
[controlSynth] building 48 base geometries (morphology=scattered, size=128)...
[controlSynth] done. task pools: {'train': 38, 'val': 5, 'test': 5}
[controlSynth] building 48 base geometries (morphology=scattered, size=128)...
[controlSynth] done. task pools: {'train': 38, 'val': 5, 'test': 5}
  scattered_count        -> /home/dpxuser/dev/patch_icl/results/2d/synth_benchmark/20260619_235300/panels/scattered_count.png
[controlSynth] building 48 base geometries (morphology=scattered, size=128)...
[controlSynth] done. task pools: {'train': 38, 'val': 5, 'test': 5}
[controlSynth] building 48 base geometries (morphology=scattered, size=128)...
[controlSynth] done. task pools: {'train': 38, 'val': 5, 'test': 5}
[controlSynth] building 48 base geometries (morphology=scattered, size=128)...
[controlSynth] done. task pools: {'train': 38, 'val': 5, 'test': 5}
[controlSynth] building 48 base geometries (morphology=scattered, size=128)...
[controlSynth] done. task pools: {'train': 38, 'val': 5, 'test': 5}
  scattered_clustering   -> /home/dpxuser/dev/patch_icl/results/2d/synth_benchmark/20260619_235300/panels/scattered_clustering.png
[controlSynth] building 48 base geometries (morphology=blob, size=128)...
[controlSynth] done. task pools: {'train': 38, 'val': 5, 'test': 5}
  support_query_shift    -> /home/dpxuser/dev/patch_icl/results/2d/synth_benchmark/20260619_235300/panels/support_query_shift.png
  foreground_contrast    -> /home/dpxuser/dev/patch_icl/results/2d/synth_benchmark/20260619_235300/panels/foreground_contrast.png
  texture_heterogeneity  -> /home/dpxuser/dev/patch_icl/results/2d/synth_benchmark/20260619_235300/panels/texture_heterogeneity.png
  noise_level            -> /home/dpxuser/dev/patch_icl/results/2d/synth_benchmark/20260619_235300/panels/noise_level.png
  context_copy_fraction  -> /home/dpxuser/dev/patch_icl/results/2d/synth_benchmark/20260619_235300/panels/context_copy_fraction.png
  context_consistency    -> /home/dpxuser/dev/patch_icl/results/2d/synth_benchmark/20260619_235300/panels/context_consistency.png
  task_ambiguity_intensity -> /home/dpxuser/dev/patch_icl/results/2d/synth_benchmark/20260619_235300/panels/task_ambiguity_intensity.png

Panels -> /home/dpxuser/dev/patch_icl/results/2d/synth_benchmark/20260619_235300/panels
